// Jest Snapshot v1, https://goo.gl/fbAQLP

exports[`matches snapshot 1`] = `
<DocumentFragment>
  <div
    class="links"
  >
    <a
      href="/"
    >
      Hi tester,
    </a>
    <a
      href="/users"
    >
      Preferences
    </a>
    <a
      href="/users/frontpage"
    >
      FrontPage
    </a>
    <a
      href="/users/forum"
    >
      Forum
    </a>
    <a
      href="/users/archives"
    >
      Archives
    </a>
    <a
      href="/logout"
    >
      Logout
    </a>
  </div>
  <h1
    class="prefs"
  >
    News Topic Preferences
  </h1>
  <h3
    class="topics"
  >
     Your current Topics Are:
  </h3>
   
  <h3
    class="color"
  />
  <h4 />
  <h3
    class="topics"
  >
     Please Choose One (Up to 5): 
  </h3>
  <form>
    <div
      aria-label="News topics"
      class="selection preferences-topics-grid"
      role="group"
    >
      <h5>
        <div
          class="field"
        >
          <div
            class="ui checkbox"
          >
            <input
              class="hidden"
              id="Australia"
              name="Australia"
              readonly=""
              tabindex="0"
              type="checkbox"
              value="Australia"
            />
            <label
              class="choices"
              for="Australia"
            >
              Australia
            </label>
          </div>
        </div>
      </h5>
      <h5>
        <div
          class="field"
        >
          <div
            class="ui checkbox"
          >
            <input
              class="hidden"
              id="Asia"
              name="Asia"
              readonly=""
              tabindex="0"
              type="checkbox"
              value="Asia"
            />
            <label
              for="Asia"
            >
              Asia
            </label>
          </div>
        </div>
      </h5>
      <h5>
        <div
          class="field"
        >
          <div
            class="ui checkbox"
          >
            <input
              class="hidden"
              id="Business"
              name="Business"
              readonly=""
              tabindex="0"
              type="checkbox"
              value="Business"
            />
            <label
              for="Business"
            >
              Business
            </label>
          </div>
        </div>
      </h5>
      <h5>
        <div
          class="field"
        >
          <div
            class="ui checkbox"
          >
            <input
              class="hidden"
              id="Entertainment"
              name="Entertainment"
              readonly=""
              tabindex="0"
              type="checkbox"
              value="Entertainment"
            />
            <label
              for="Entertainment"
            >
              Entertainment
            </label>
          </div>
        </div>
      </h5>
      <h5>
        <div
          class="field"
        >
          <div
            class="ui checkbox"
          >
            <input
              class="hidden"
              id="Food"
              name="Food"
              readonly=""
              tabindex="0"
              type="checkbox"
              value="Food"
            />
            <label
              for="Food"
            >
              Food
            </label>
          </div>
        </div>
      </h5>
      <h5>
        <div
          class="field"
        >
          <div
            class="ui checkbox"
          >
            <input
              class="hidden"
              id="General"
              name="General"
              readonly=""
              tabindex="0"
              type="checkbox"
              value="General"
            />
            <label
              for="General"
            >
              General
            </label>
          </div>
        </div>
      </h5>
      <h5>
        <div
          class="field"
        >
          <div
            class="ui checkbox"
          >
            <input
              class="hidden"
              id="U.K"
              name="U.K"
              readonly=""
              tabindex="0"
              type="checkbox"
              value="U.K."
            />
            <label
              for="U.K"
            >
              U.K.
            </label>
          </div>
        </div>
      </h5>
      <h5>
        <div
          class="field"
        >
          <div
            class="ui checkbox"
          >
            <input
              class="hidden"
              id="Science"
              name="Science"
              readonly=""
              tabindex="0"
              type="checkbox"
              value="Science"
            />
            <label
              for="Science"
            >
              Science
            </label>
          </div>
        </div>
      </h5>
      <h5>
        <div
          class="field"
        >
          <div
            class="ui checkbox"
          >
            <input
              class="hidden"
              id="Sports"
              name="Sports"
              readonly=""
              tabindex="0"
              type="checkbox"
              value="Sports"
            />
            <label
              for="Sports"
            >
              Sports
            </label>
          </div>
        </div>
      </h5>
      <h5>
        <div
          class="field"
        >
          <div
            class="ui checkbox"
          >
            <input
              class="hidden"
              id="Technology"
              name="Technology"
              readonly=""
              tabindex="0"
              type="checkbox"
              value="Technology"
            />
            <label
              for="Technology"
            >
              Technology
            </label>
          </div>
        </div>
      </h5>
      <h5>
        <div
          class="field"
        >
          <div
            class="ui checkbox"
          >
            <input
              class="hidden"
              id="US"
              name="US"
              readonly=""
              tabindex="0"
              type="checkbox"
              value="US"
            />
            <label
              for="US"
            >
              U.S.
            </label>
          </div>
        </div>
      </h5>
    </div>
    <h2
      class="separator"
    >
      or
    </h2>
    <div
      class="field"
    >
      <span
        class="anything"
      >
         
        <label
          for="Anything"
        >
          Most popular articles by search term 
          <h3
            class="color"
          >
            anything
          </h3>
        </label>
        <input
          id="Anything"
          name="anything"
          placeholder="anything"
          type="text"
        />
      </span>
    </div>
    <div
      class="button-preferences"
    >
      <button
        class="preferences"
        type="button"
        value="Save Preferences"
      >
        Save Preferences
      </button>
    </div>
    <div
      class="button-preferences"
    >
      <a
        href="/frontpage"
      >
        <button
          class="save"
        >
          See Front Page News
        </button>
      </a>
    </div>
  </form>
</DocumentFragment>
`;
