// Jest Snapshot v1, https://goo.gl/fbAQLP

exports[`matches snapshot 1`] = `
<DocumentFragment>
  <article
    class="article-card"
  >
    <div
      class="article-card__media"
    />
    <div
      class="article-card__body"
    >
      <h2
        class="article-card__title"
      />
    </div>
    <div
      class="article-card__actions"
    >
      <button
        class="archive"
        style="background-color: gold;"
        type="button"
      >
        <img
          alt=""
          class="article-card__archive-icon"
          src="penfeather.png"
        />
        Archive
      </button>
      <button
        class="forum"
        style="background-color: gold;"
        type="button"
      >
        <p
          class="article-card__forum-label"
        >
          Post to Forum
        </p>
      </button>
    </div>
    <p
      class="article-card__byline"
    >
      by: Unknown
    </p>
    <div
      class="article-card__divider"
    >
      <hr
        style="color: gray; background-color: gray; height: 3px;"
      />
    </div>
  </article>
</DocumentFragment>
`;
