// Jest Snapshot v1, https://goo.gl/fbAQLP

exports[`matches snapshot 1`] = `
<DocumentFragment>
  <main
    class="preferences-page"
  >
    <nav
      aria-label="Preferences navigation"
      class="preferences-page__nav links"
    >
      <a
        href="/"
      >
        Hi tester,
      </a>
      <a
        href="/users"
      >
        Preferences
      </a>
      <a
        href="/users/frontpage"
      >
        FrontPage
      </a>
      <a
        href="/users/forum"
      >
        Forum
      </a>
      <a
        href="/users/archives"
      >
        Archives
      </a>
      <a
        href="/logout"
      >
        Logout
      </a>
    </nav>
    <h1
      class="preferences-page__title prefs"
    >
      News Topic Preferences
    </h1>
    <p
      class="preferences-page__lead topics"
    >
      <span
        class="preferences-page__current-label"
      >
        Your current topics are:
      </span>
      <span
        class="preferences-page__current-value color"
      >
        (none saved yet)
      </span>
    </p>
    <p
      class="preferences-page__instruction topics"
    >
      Please choose one (up to 5), then click Save Preferences:
    </p>
    <form
      class="preferences-page__form"
    >
      <div
        class="preferences-page__checkboxes selection"
      >
        <div
          class="preferences-page__checkbox"
        >
          <label
            class="preferences-page__check-label"
            for="Australia"
          >
            <input
              id="Australia"
              name="Australia"
              type="checkbox"
              value="Australia"
            />
            <span>
              Australia
            </span>
          </label>
        </div>
        <div
          class="preferences-page__checkbox"
        >
          <label
            class="preferences-page__check-label"
            for="Asia"
          >
            <input
              id="Asia"
              name="Asia"
              type="checkbox"
              value="Asia"
            />
            <span>
              Asia
            </span>
          </label>
        </div>
        <div
          class="preferences-page__checkbox"
        >
          <label
            class="preferences-page__check-label"
            for="Business"
          >
            <input
              id="Business"
              name="Business"
              type="checkbox"
              value="Business"
            />
            <span>
              Business
            </span>
          </label>
        </div>
        <div
          class="preferences-page__checkbox"
        >
          <label
            class="preferences-page__check-label"
            for="Entertainment"
          >
            <input
              id="Entertainment"
              name="Entertainment"
              type="checkbox"
              value="Entertainment"
            />
            <span>
              Entertainment
            </span>
          </label>
        </div>
        <div
          class="preferences-page__checkbox"
        >
          <label
            class="preferences-page__check-label"
            for="General"
          >
            <input
              id="General"
              name="General"
              type="checkbox"
              value="General"
            />
            <span>
              General
            </span>
          </label>
        </div>
        <div
          class="preferences-page__checkbox"
        >
          <label
            class="preferences-page__check-label"
            for="U.K"
          >
            <input
              id="U.K"
              name="U.K"
              type="checkbox"
              value="U.K."
            />
            <span>
              U.K.
            </span>
          </label>
        </div>
        <div
          class="preferences-page__checkbox"
        >
          <label
            class="preferences-page__check-label"
            for="Health"
          >
            <input
              id="Health"
              name="Health"
              type="checkbox"
              value="Health"
            />
            <span>
              Health
            </span>
          </label>
        </div>
        <div
          class="preferences-page__checkbox"
        >
          <label
            class="preferences-page__check-label"
            for="Science"
          >
            <input
              id="Science"
              name="Science"
              type="checkbox"
              value="Science"
            />
            <span>
              Science
            </span>
          </label>
        </div>
        <div
          class="preferences-page__checkbox"
        >
          <label
            class="preferences-page__check-label"
            for="Sports"
          >
            <input
              id="Sports"
              name="Sports"
              type="checkbox"
              value="Sports"
            />
            <span>
              Sports
            </span>
          </label>
        </div>
        <div
          class="preferences-page__checkbox"
        >
          <label
            class="preferences-page__check-label"
            for="Technology"
          >
            <input
              id="Technology"
              name="Technology"
              type="checkbox"
              value="Technology"
            />
            <span>
              Technology
            </span>
          </label>
        </div>
        <div
          class="preferences-page__checkbox"
        >
          <label
            class="preferences-page__check-label"
            for="US"
          >
            <input
              id="US"
              name="US"
              type="checkbox"
              value="US"
            />
            <span>
              U.S.
            </span>
          </label>
        </div>
      </div>
      <p
        aria-hidden="true"
        class="preferences-page__separator separator"
      >
        or
      </p>
      <div
        class="preferences-page__wildcard anything"
      >
        <label
          for="Anything"
        >
          Most popular articles by search term
        </label>
        <input
          autocomplete="off"
          id="Anything"
          name="anything"
          placeholder="Search term"
          type="text"
          value=""
        />
      </div>
      <div
        class="preferences-page__actions"
      >
        <div
          class="button-preferences"
        >
          <button
            class="preferences"
            type="submit"
          >
            Save Preferences
          </button>
        </div>
        <div
          class="button-preferences"
        >
          <a
            href="/users/frontpage"
          >
            <button
              class="save"
              type="button"
            >
              See Front Page News
            </button>
          </a>
        </div>
      </div>
    </form>
  </main>
</DocumentFragment>
`;
