// Jest Snapshot v1, https://goo.gl/fbAQLP

exports[`matches snapshot 1`] = `
<DocumentFragment>
  <article
    class="article-card"
  >
    <div
      class="article-card__body"
    >
      <h2
        class="article-card__title"
      />
    </div>
    <p
      class="article-card__byline"
    >
      by: Unknown
    </p>
    <div
      class="article-card__divider"
    >
      <hr
        style="color: gray; background-color: gray; height: 3px;"
      />
    </div>
  </article>
</DocumentFragment>
`;
